<span class="mycomponent"><span class="mytitle">Super Title</span><span class="mytext">Awesome Text</span></span>
