<div class="myComponent MadTeaParty">
    <div class="myTitle MadTeaParty__march-title">Super Title</div>
    <div class="myText MadTeaParty__march-text">Awesome Text</div>
</div>
